Archive member included to satisfy reference by file (symbol)

D:\03_Src\arduino\chap15_wifi\Release/arduino.ar(Common.cpp.o)
                              .\src\Mutil_LED.cpp.o (symbol from plugin) (_Z3maplllll)
D:\03_Src\arduino\chap15_wifi\Release/arduino.ar(IPAddress.cpp.o)
                              .\libraries\WiFiNINA\src\WiFi.cpp.o (symbol from plugin) (_ZTVN7arduino9IPAddressE)
D:\03_Src\arduino\chap15_wifi\Release/arduino.ar(Print.cpp.o)
                              .\src\Mutil_LED.cpp.o (symbol from plugin) (_ZN7arduino5Print5writeEPKhj)
D:\03_Src\arduino\chap15_wifi\Release/arduino.ar(UART.cpp.o)
                              .\libraries\Firmata\utility\SerialFirmata.cpp.o (symbol from plugin) (_ZN9UartClass3endEv)
D:\03_Src\arduino\chap15_wifi\Release/arduino.ar(UART0.cpp.o)
                              .\src\Mutil_LED.cpp.o (symbol from plugin) (Serial)
D:\03_Src\arduino\chap15_wifi\Release/arduino.ar(UART1.cpp.o)
                              .\src\Mutil_LED.cpp.o (symbol from plugin) (Serial1)
D:\03_Src\arduino\chap15_wifi\Release/arduino.ar(WInterrupts.cpp.o)
                              .\libraries\SoftwareSerial\src\SoftwareSerial.cpp.o (symbol from plugin) (attachInterrupt)
D:\03_Src\arduino\chap15_wifi\Release/arduino.ar(abi.cpp.o)
                              .\src\util\SuperLoop.cpp.o (symbol from plugin) (__cxa_pure_virtual)
D:\03_Src\arduino\chap15_wifi\Release/arduino.ar(main.cpp.o)
                              c:/opt/sloeber/arduinoplugin/packages/arduino/tools/avr-gcc/7.3.0-atmel3.6.1-arduino5/bin/../lib/gcc/avr/7.3.0/../../../../avr/lib/avrxmega3/crtatmega4809.o (main)
D:\03_Src\arduino\chap15_wifi\Release/arduino.ar(new.cpp.o)
                              .\src\util\Button.cpp.o (symbol from plugin) (_ZdlPv)
D:\03_Src\arduino\chap15_wifi\Release/arduino.ar(wiring.c.o)
                              .\libraries\Wire\src\utility\twi.c.o (symbol from plugin) (F_CPU_CORRECTED)
D:\03_Src\arduino\chap15_wifi\Release/arduino.ar(wiring_analog.c.o)
                              wiring.c.o (symbol from plugin) (analogReference)
D:\03_Src\arduino\chap15_wifi\Release/arduino.ar(wiring_digital.c.o)
                              wiring_analog.c.o (symbol from plugin) (digital_pin_to_timer)
D:\03_Src\arduino\chap15_wifi\Release/arduino.ar(wiring_shift.c.o)
                              .\src\Mutil_LED.cpp.o (symbol from plugin) (shiftOut)
c:/opt/sloeber/arduinoplugin/packages/arduino/tools/avr-gcc/7.3.0-atmel3.6.1-arduino5/bin/../lib/gcc/avr/7.3.0/avrxmega3\libgcc.a(_exit.o)
                              c:/opt/sloeber/arduinoplugin/packages/arduino/tools/avr-gcc/7.3.0-atmel3.6.1-arduino5/bin/../lib/gcc/avr/7.3.0/../../../../avr/lib/avrxmega3/crtatmega4809.o (exit)
c:/opt/sloeber/arduinoplugin/packages/arduino/tools/avr-gcc/7.3.0-atmel3.6.1-arduino5/bin/../lib/gcc/avr/7.3.0/../../../../avr/lib/avrxmega3\libatmega4809.a(eerd_byte.o)
                              .\libraries\PrintEx\src\lib\MemoryPrinter.cpp.o (symbol from plugin) (eeprom_read_byte)
c:/opt/sloeber/arduinoplugin/packages/arduino/tools/avr-gcc/7.3.0-atmel3.6.1-arduino5/bin/../lib/gcc/avr/7.3.0/../../../../avr/lib/avrxmega3\libatmega4809.a(eewr_byte.o)
                              .\libraries\PrintEx\src\lib\MemoryPrinter.cpp.o (symbol from plugin) (eeprom_write_byte)
c:/opt/sloeber/arduinoplugin/packages/arduino/tools/avr-gcc/7.3.0-atmel3.6.1-arduino5/bin/../lib/gcc/avr/7.3.0/../../../../avr/lib/avrxmega3\libm.a(addsf3.o)
                              C:\Users\python\AppData\Local\Temp\cciP2K06.ltrans0.ltrans.o (__subsf3)
c:/opt/sloeber/arduinoplugin/packages/arduino/tools/avr-gcc/7.3.0-atmel3.6.1-arduino5/bin/../lib/gcc/avr/7.3.0/../../../../avr/lib/avrxmega3\libm.a(addsf3x.o)
                              c:/opt/sloeber/arduinoplugin/packages/arduino/tools/avr-gcc/7.3.0-atmel3.6.1-arduino5/bin/../lib/gcc/avr/7.3.0/../../../../avr/lib/avrxmega3\libm.a(addsf3.o) (__addsf3x)
c:/opt/sloeber/arduinoplugin/packages/arduino/tools/avr-gcc/7.3.0-atmel3.6.1-arduino5/bin/../lib/gcc/avr/7.3.0/../../../../avr/lib/avrxmega3\libm.a(cmpsf2.o)
                              C:\Users\python\AppData\Local\Temp\cciP2K06.ltrans0.ltrans.o (__ltsf2)
c:/opt/sloeber/arduinoplugin/packages/arduino/tools/avr-gcc/7.3.0-atmel3.6.1-arduino5/bin/../lib/gcc/avr/7.3.0/../../../../avr/lib/avrxmega3\libm.a(divsf3.o)
                              C:\Users\python\AppData\Local\Temp\cciP2K06.ltrans0.ltrans.o (__divsf3)
c:/opt/sloeber/arduinoplugin/packages/arduino/tools/avr-gcc/7.3.0-atmel3.6.1-arduino5/bin/../lib/gcc/avr/7.3.0/../../../../avr/lib/avrxmega3\libm.a(divsf3x.o)
                              c:/opt/sloeber/arduinoplugin/packages/arduino/tools/avr-gcc/7.3.0-atmel3.6.1-arduino5/bin/../lib/gcc/avr/7.3.0/../../../../avr/lib/avrxmega3\libm.a(divsf3.o) (__divsf3x)
c:/opt/sloeber/arduinoplugin/packages/arduino/tools/avr-gcc/7.3.0-atmel3.6.1-arduino5/bin/../lib/gcc/avr/7.3.0/../../../../avr/lib/avrxmega3\libm.a(fixunssfsi.o)
[...]
Memory Configuration

Name             Origin             Length             Attributes
text             0x00000000         0x00100000         xr
data             0x00802000         0x0000ffa0         rw !x
eeprom           0x00810000         0x00010000         rw !x
fuse             0x00820000         0x00000009         rw !x
lock             0x00830000         0x00000400         rw !x
signature        0x00840000         0x00000400         rw !x
user_signatures  0x00850000         0x00000400         rw !x
*default*        0x00000000         0xffffffff

Linker script and memory map

Address of section .data set to 0x802800
                0x00004000                __RODATA_PM_OFFSET__ = 0x4000
LOAD c:/opt/sloeber/arduinoplugin/packages/arduino/tools/avr-gcc/7.3.0-atmel3.6.1-arduino5/bin/../lib/gcc/avr/7.3.0/../../../../avr/lib/avrxmega3/crtatmega4809.o
Address of section .text set to 0x200
LOAD .\src\util\Button.cpp.o
LOAD C:\Users\python\AppData\Local\Temp\cciP2K06.ltrans0.ltrans.o
LOAD .\src\util\SuperLoop.cpp.o
LOAD .\src\74Hc.cpp.o
LOAD .\src\Mutil_LED.cpp.o
LOAD .\src\bluetooth.cpp.o
LOAD .\src\bluetooth2.cpp.o
LOAD .\src\bluetooth3.cpp.o
LOAD .\src\bluetooth4.cpp.o
LOAD .\src\hc06_setup.cpp.o
LOAD .\libraries\Wire\src\utility\twi.c.o
LOAD .\libraries\Wire\src\Wire.cpp.o
LOAD .\libraries\WiFiNINA\src\utility\WiFiSocketBuffer.cpp.o
LOAD .\libraries\WiFiNINA\src\utility\nano_rp2040_support.cpp.o
LOAD .\libraries\WiFiNINA\src\utility\server_drv.cpp.o
LOAD .\libraries\WiFiNINA\src\utility\spi_drv.cpp.o
LOAD .\libraries\WiFiNINA\src\utility\wifi_drv.cpp.o
LOAD .\libraries\WiFiNINA\src\WiFi.cpp.o
LOAD .\libraries\WiFiNINA\src\WiFiClient.cpp.o
LOAD .\libraries\WiFiNINA\src\WiFiSSLClient.cpp.o
LOAD .\libraries\WiFiNINA\src\WiFiServer.cpp.o
LOAD .\libraries\WiFiNINA\src\WiFiStorage.cpp.o
LOAD .\libraries\WiFiNINA\src\WiFiUdp.cpp.o
LOAD .\libraries\SoftwareSerial\src\SoftwareSerial.cpp.o
LOAD .\libraries\SPI\src\SPI.cpp.o
LOAD .\libraries\PrintEx\src\tools\URIEncoder\URIEncoder.cpp.o
LOAD .\libraries\PrintEx\src\tools\CRCStream\CRCStream.cpp.o
LOAD .\libraries\PrintEx\src\tools\Base64Encoder\Base64Encoder.cpp.o
LOAD .\libraries\PrintEx\src\lib\MemoryPrinter.cpp.o
LOAD .\libraries\PrintEx\src\lib\PrintExtension.cpp.o
LOAD .\libraries\PrintEx\src\lib\StreamExtension.cpp.o
LOAD .\libraries\LiquidCrystal_I2C\LiquidCrystal_I2C.cpp.o
LOAD .\libraries\Firmata\utility\BLEStream.cpp.o
LOAD .\libraries\Firmata\utility\BluefruitLE_SPI_Stream.cpp.o
LOAD .\libraries\Firmata\utility\EthernetClientStream.cpp.o
LOAD .\libraries\Firmata\utility\EthernetServerStream.cpp.o
LOAD .\libraries\Firmata\utility\SerialFirmata.cpp.o
LOAD .\libraries\Firmata\utility\WiFiStream.cpp.o
LOAD .\libraries\Firmata\Firmata.cpp.o
LOAD .\libraries\Firmata\FirmataMarshaller.cpp.o
LOAD .\libraries\Firmata\FirmataParser.cpp.o
LOAD .\core\variant\variant.c.o
LOAD D:\03_Src\arduino\chap15_wifi\Release/arduino.ar
LOAD c:/opt/sloeber/arduinoplugin/packages/arduino/tools/avr-gcc/7.3.0-atmel3.6.1-arduino5/bin/../lib/gcc/avr/7.3.0/../../../../avr/lib/avrxmega3\libm.a
START GROUP
LOAD c:/opt/sloeber/arduinoplugin/packages/arduino/tools/avr-gcc/7.3.0-atmel3.6.1-arduino5/bin/../lib/gcc/avr/7.3.0/avrxmega3\libgcc.a
LOAD c:/opt/sloeber/arduinoplugin/packages/arduino/tools/avr-gcc/7.3.0-atmel3.6.1-arduino5/bin/../lib/gcc/avr/7.3.0/../../../../avr/lib/avrxmega3\libm.a
LOAD c:/opt/sloeber/arduinoplugin/packages/arduino/tools/avr-gcc/7.3.0-atmel3.6.1-arduino5/bin/../lib/gcc/avr/7.3.0/../../../../avr/lib/avrxmega3\libc.a
LOAD c:/opt/sloeber/arduinoplugin/packages/arduino/tools/avr-gcc/7.3.0-atmel3.6.1-arduino5/bin/../lib/gcc/avr/7.3.0/../../../../avr/lib/avrxmega3\libatmega4809.a
END GROUP
                0x00100000                __TEXT_REGION_LENGTH__ = DEFINED (__TEXT_REGION_LENGTH__)?__TEXT_REGION_LENGTH__:0x100000
                0x0000ffa0                __DATA_REGION_LENGTH__ = DEFINED (__DATA_REGION_LENGTH__)?__DATA_REGION_LENGTH__:0xffa0
                0x00010000                __EEPROM_REGION_LENGTH__ = DEFINED (__EEPROM_REGION_LENGTH__)?__EEPROM_REGION_LENGTH__:0x10000
                [0x00000009]                __FUSE_REGION_LENGTH__ = DEFINED (__FUSE_REGION_LENGTH__)?__FUSE_REGION_LENGTH__:0x400
                0x00000400                __LOCK_REGION_LENGTH__ = DEFINED (__LOCK_REGION_LENGTH__)?__LOCK_REGION_LENGTH__:0x400
                0x00000400                __SIGNATURE_REGION_LENGTH__ = DEFINED (__SIGNATURE_REGION_LENGTH__)?__SIGNATURE_REGION_LENGTH__:0x400
                0x00000400                __USER_SIGNATURE_REGION_LENGTH__ = DEFINED (__USER_SIGNATURE_REGION_LENGTH__)?__USER_SIGNATURE_REGION_LENGTH__:0x400
                0x00008000                __RODATA_PM_OFFSET__ = DEFINED (__RODATA_PM_OFFSET__)?__RODATA_PM_OFFSET__:0x8000

.hash
 *(.hash)

.dynsym
 *(.dynsym)

.dynstr
 *(.dynstr)

.gnu.version
 *(.gnu.version)

.gnu.version_d
 *(.gnu.version_d)

.gnu.version_r
 *(.gnu.version_r)

.rel.init
 *(.rel.init)

.rela.init
 *(.rela.init)

.rel.text
 *(.rel.text)
 *(.rel.text.*)
 *(.rel.gnu.linkonce.t*)

.rela.text
 *(.rela.text)
 *(.rela.text.*)
 *(.rela.gnu.linkonce.t*)

.rel.fini
 *(.rel.fini)

.rela.fini
 *(.rela.fini)

.rel.rodata
 *(.rel.rodata)
 *(.rel.rodata.*)
 *(.rel.gnu.linkonce.r*)

.rela.rodata
 *(.rela.rodata)
 *(.rela.rodata.*)
 *(.rela.gnu.linkonce.r*)

.rel.data
 *(.rel.data)
 *(.rel.data.*)
 *(.rel.gnu.linkonce.d*)

.rela.data
 *(.rela.data)
 *(.rela.data.*)
 *(.rela.gnu.linkonce.d*)

.rel.ctors
 *(.rel.ctors)

.rela.ctors
 *(.rela.ctors)

.rel.dtors
 *(.rel.dtors)

.rela.dtors
 *(.rela.dtors)

.rel.got
 *(.rel.got)

.rela.got
 *(.rela.got)

.rel.bss
 *(.rel.bss)

.rela.bss
 *(.rela.bss)

.rel.plt
 *(.rel.plt)

.rela.plt
 *(.rela.plt)

.text           0x00000200     0x4208
 *(.vectors)
 .vectors       0x00000200       0xa0 c:/opt/sloeber/arduinoplugin/packages/arduino/tools/avr-gcc/7.3.0-atmel3.6.1-arduino5/bin/../lib/gcc/avr/7.3.0/../../../../avr/lib/avrxmega3/crtatmega4809.o
                0x00000200                __vector_default
                0x00000200                __vectors
 *(.vectors)
 *(.progmem.gcc*)
                0x000002a0                . = ALIGN (0x2)
                0x000002a0                __trampolines_start = .
 *(.trampolines)
 .trampolines   0x000002a0        0x0 linker stubs
 *(.trampolines*)
                0x000002a0                __trampolines_end = .
 *libprintf_flt.a:*(.progmem.data)
 *libc.a:*(.progmem.data)
 *(.progmem*)
                0x000002a0                . = ALIGN (0x2)
 *(.jumptables)
 *(.jumptables*)
 *(.lowtext)
 *(.lowtext*)
                0x000002a0                __ctors_start = .
 *(.ctors)
 .ctors         0x000002a0        0x2 C:\Users\python\AppData\Local\Temp\cciP2K06.ltrans0.ltrans.o
                0x000002a2                __ctors_end = .
                0x000002a2                __dtors_start = .
 *(.dtors)
 .dtors         0x000002a2        0x2 C:\Users\python\AppData\Local\Temp\cciP2K06.ltrans0.ltrans.o
                0x000002a4                __dtors_end = .
 SORT(*)(.ctors)
 SORT(*)(.dtors)
 *(.init0)
 .init0         0x000002a4        0x0 c:/opt/sloeber/arduinoplugin/packages/arduino/tools/avr-gcc/7.3.0-atmel3.6.1-arduino5/bin/../lib/gcc/avr/7.3.0/../../../../avr/lib/avrxmega3/crtatmega4809.o
                0x000002a4                __init
 *(.init0)
 *(.init1)
 *(.init1)
 *(.init2)
 .init2         0x000002a4        0xc c:/opt/sloeber/arduinoplugin/packages/arduino/tools/avr-gcc/7.3.0-atmel3.6.1-arduino5/bin/../lib/gcc/avr/7.3.0/../../../../avr/lib/avrxmega3/crtatmega4809.o
 *(.init2)
 *(.init3)
 *(.init3)
 *(.init4)
 .init4         0x000002b0       0x16 c:/opt/sloeber/arduinoplugin/packages/arduino/tools/avr-gcc/7.3.0-atmel3.6.1-arduino5/bin/../lib/gcc/avr/7.3.0/avrxmega3\libgcc.a(_copy_data.o)
                0x000002b0                __do_copy_data
 .init4         0x000002c6       0x10 c:/opt/sloeber/arduinoplugin/packages/arduino/tools/avr-gcc/7.3.0-atmel3.6.1-arduino5/bin/../lib/gcc/avr/7.3.0/avrxmega3\libgcc.a(_clear_bss.o)
                0x000002c6                __do_clear_bss
 *(.init4)
 *(.init5)
 *(.init5)
 *(.init6)
 .init6         0x000002d6       0x16 c:/opt/sloeber/arduinoplugin/packages/arduino/tools/avr-gcc/7.3.0-atmel3.6.1-arduino5/bin/../lib/gcc/avr/7.3.0/avrxmega3\libgcc.a(_ctors.o)
                0x000002d6                __do_global_ctors
 *(.init6)
 *(.init7)
 *(.init7)
 *(.init8)
 *(.init8)
 *(.init9)
 .init9         0x000002ec        0x8 c:/opt/sloeber/arduinoplugin/packages/arduino/tools/avr-gcc/7.3.0-atmel3.6.1-arduino5/bin/../lib/gcc/avr/7.3.0/../../../../avr/lib/avrxmega3/crtatmega4809.o
 *(.init9)
 *(.text)
 .text          0x000002f4        0x4 c:/opt/sloeber/arduinoplugin/packages/arduino/tools/avr-gcc/7.3.0-atmel3.6.1-arduino5/bin/../lib/gcc/avr/7.3.0/../../../../avr/lib/avrxmega3/crtatmega4809.o
                0x000002f4                __vector_22
                0x000002f4                __vector_28
                0x000002f4                __vector_1
                0x000002f4                __vector_32
                0x000002f4                __vector_12
                0x000002f4                __bad_interrupt
                0x000002f4                __vector_31
                0x000002f4                __vector_39
                0x000002f4                __vector_3
                0x000002f4                __vector_23
                0x000002f4                __vector_30
                0x000002f4                __vector_25
                0x000002f4                __vector_11
                0x000002f4                __vector_13
                0x000002f4                __vector_17
                0x000002f4                __vector_19
                0x000002f4                __vector_7
                0x000002f4                __vector_5
                0x000002f4                __vector_33
                0x000002f4                __vector_4
                0x000002f4                __vector_9
                0x000002f4                __vector_2
                0x000002f4                __vector_21
                0x000002f4                __vector_8
                0x000002f4                __vector_10
                0x000002f4                __vector_16
                0x000002f4                __vector_18
 .text          0x000002f8     0x2da4 C:\Users\python\AppData\Local\Temp\cciP2K06.ltrans0.ltrans.o
                0x00002a06                __vector_36
                0x00002ace                __vector_29
                0x00002b18                __vector_35
                0x00002b62                __vector_20
                0x00002bac                __vector_24
                0x00002bf6                __vector_34
                0x00002c40                __vector_6
                0x00002c8a                __vector_27
                0x00002cd6                __vector_26
                0x00002d22                __vector_38
                0x00002d6e                __vector_37
                0x00002dba                __vector_14
                0x00002f1c                __vector_15
                0x0000309c                . = ALIGN (0x2)
 *(.text.*)
 .text._ZNK13EEPROMPrinter7printToERN7arduino5PrintE
                0x0000309c       0x56 C:\Users\python\AppData\Local\Temp\cciP2K06.ltrans0.ltrans.o
 .text._ZThn8_NK13EEPROMPrinter7printToERN7arduino5PrintE
                0x000030f2        0x6 C:\Users\python\AppData\Local\Temp\cciP2K06.ltrans0.ltrans.o
 .text.exit     0x000030f8       0x3a C:\Users\python\AppData\Local\Temp\cciP2K06.ltrans0.ltrans.o
 .text.startup  0x00003132      0xa5e C:\Users\python\AppData\Local\Temp\cciP2K06.ltrans0.ltrans.o
                0x00003476                main
 .text.avr-libc
                0x00003b90       0x10 c:/opt/sloeber/arduinoplugin/packages/arduino/tools/avr-gcc/7.3.0-atmel3.6.1-arduino5/bin/../lib/gcc/avr/7.3.0/../../../../avr/lib/avrxmega3\libatmega4809.a(eerd_byte.o)
                0x00003b90                eeprom_read_byte
                0x00003b98                eeprom_mapen
 .text.avr-libc
                0x00003ba0       0x28 c:/opt/sloeber/arduinoplugin/packages/arduino/tools/avr-gcc/7.3.0-atmel3.6.1-arduino5/bin/../lib/gcc/avr/7.3.0/../../../../avr/lib/avrxmega3\libatmega4809.a(eewr_byte.o)
                0x00003ba0                eeprom_write_byte
                0x00003ba2                eeprom_write_r18
 .text.avr-libc.fplib
                0x00003bc8        0xe c:/opt/sloeber/arduinoplugin/packages/arduino/tools/avr-gcc/7.3.0-atmel3.6.1-arduino5/bin/../lib/gcc/avr/7.3.0/../../../../avr/lib/avrxmega3\libm.a(addsf3.o)
                0x00003bc8                __subsf3
                0x00003bca                __addsf3
 .text.avr-libc.fplib
                0x00003bd6       0xcc c:/opt/sloeber/arduinoplugin/packages/arduino/tools/avr-gcc/7.3.0-atmel3.6.1-arduino5/bin/../lib/gcc/avr/7.3.0/../../../../avr/lib/avrxmega3\libm.a(addsf3x.o)
                0x00003bf8                __addsf3x
 .text.avr-libc.fplib
                0x00003ca2        0xa c:/opt/sloeber/arduinoplugin/packages/arduino/tools/avr-gcc/7.3.0-atmel3.6.1-arduino5/bin/../lib/gcc/avr/7.3.0/../../../../avr/lib/avrxmega3\libm.a(cmpsf2.o)
                0x00003ca2                __nesf2
                0x00003ca2                __eqsf2
                0x00003ca2                __cmpsf2
                0x00003ca2                __ltsf2
                0x00003ca2                __lesf2
 .text.avr-libc.fplib
                0x00003cac        0x8 c:/opt/sloeber/arduinoplugin/packages/arduino/tools/avr-gcc/7.3.0-atmel3.6.1-arduino5/bin/../lib/gcc/avr/7.3.0/../../../../avr/lib/avrxmega3\libm.a(divsf3.o)
                0x00003cac                __divsf3
 .text.avr-libc.fplib
                0x00003cb4       0xdc c:/opt/sloeber/arduinoplugin/packages/arduino/tools/avr-gcc/7.3.0-atmel3.6.1-arduino5/bin/../lib/gcc/avr/7.3.0/../../../../avr/lib/avrxmega3\libm.a(divsf3x.o)
                0x00003cd4                __divsf3x
                0x00003cda                __divsf3_pse
 .text.avr-libc.fplib
                0x00003d90       0x5e c:/opt/sloeber/arduinoplugin/packages/arduino/tools/avr-gcc/7.3.0-atmel3.6.1-arduino5/bin/../lib/gcc/avr/7.3.0/../../../../avr/lib/avrxmega3\libm.a(fixunssfsi.o)
                0x00003d90                __fixunssfsi
 .text.avr-libc.fplib
                0x00003dee       0x7a c:/opt/sloeber/arduinoplugin/packages/arduino/tools/avr-gcc/7.3.0-atmel3.6.1-arduino5/bin/../lib/gcc/avr/7.3.0/../../../../avr/lib/avrxmega3\libm.a(floatsisf.o)
                0x00003dee                __floatunsisf
                0x00003df2                __floatsisf
 .text.avr-libc.fplib
                0x00003e68       0x48 c:/opt/sloeber/arduinoplugin/packages/arduino/tools/avr-gcc/7.3.0-atmel3.6.1-arduino5/bin/../lib/gcc/avr/7.3.0/../../../../avr/lib/avrxmega3\libm.a(fp_cmp.o)
                0x00003e68                __fp_cmp
 .text.avr-libc.fplib
                0x00003eb0        0xc c:/opt/sloeber/arduinoplugin/packages/arduino/tools/avr-gcc/7.3.0-atmel3.6.1-arduino5/bin/../lib/gcc/avr/7.3.0/../../../../avr/lib/avrxmega3\libm.a(fp_inf.o)
                0x00003eb0                __fp_inf
 .text.avr-libc.fplib
                0x00003ebc        0x6 c:/opt/sloeber/arduinoplugin/packages/arduino/tools/avr-gcc/7.3.0-atmel3.6.1-arduino5/bin/../lib/gcc/avr/7.3.0/../../../../avr/lib/avrxmega3\libm.a(fp_nan.o)
                0x00003ebc                __fp_nan
 .text.avr-libc.fplib
                0x00003ec2        0xe c:/opt/sloeber/arduinoplugin/packages/arduino/tools/avr-gcc/7.3.0-atmel3.6.1-arduino5/bin/../lib/gcc/avr/7.3.0/../../../../avr/lib/avrxmega3\libm.a(fp_pscA.o)
                0x00003ec2                __fp_pscA
 .text.avr-libc.fplib
                0x00003ed0        0xe c:/opt/sloeber/arduinoplugin/packages/arduino/tools/avr-gcc/7.3.0-atmel3.6.1-arduino5/bin/../lib/gcc/avr/7.3.0/../../../../avr/lib/avrxmega3\libm.a(fp_pscB.o)
                0x00003ed0                __fp_pscB
 .text.avr-libc.fplib
                0x00003ede       0x22 c:/opt/sloeber/arduinoplugin/packages/arduino/tools/avr-gcc/7.3.0-atmel3.6.1-arduino5/bin/../lib/gcc/avr/7.3.0/../../../../avr/lib/avrxmega3\libm.a(fp_round.o)
                0x00003ede                __fp_round
 .text.avr-libc.fplib
                0x00003f00       0x44 c:/opt/sloeber/arduinoplugin/packages/arduino/tools/avr-gcc/7.3.0-atmel3.6.1-arduino5/bin/../lib/gcc/avr/7.3.0/../../../../avr/lib/avrxmega3\libm.a(fp_split3.o)
                0x00003f00                __fp_split3
                0x00003f10                __fp_splitA
 .text.avr-libc.fplib
                0x00003f44        0xe c:/opt/sloeber/arduinoplugin/packages/arduino/tools/avr-gcc/7.3.0-atmel3.6.1-arduino5/bin/../lib/gcc/avr/7.3.0/../../../../avr/lib/avrxmega3\libm.a(fp_zero.o)
                0x00003f44                __fp_zero
                0x00003f46                __fp_szero
 .text.avr-libc.fplib
                0x00003f52        0xa c:/opt/sloeber/arduinoplugin/packages/arduino/tools/avr-gcc/7.3.0-atmel3.6.1-arduino5/bin/../lib/gcc/avr/7.3.0/../../../../avr/lib/avrxmega3\libm.a(gesf2.o)
                0x00003f52                __gesf2
                0x00003f52                __gtsf2
 .text.avr-libc.fplib
                0x00003f5c        0x8 c:/opt/sloeber/arduinoplugin/packages/arduino/tools/avr-gcc/7.3.0-atmel3.6.1-arduino5/bin/../lib/gcc/avr/7.3.0/../../../../avr/lib/avrxmega3\libm.a(mulsf3.o)
                0x00003f5c                __mulsf3
 .text.avr-libc.fplib
                0x00003f64       0xd2 c:/opt/sloeber/arduinoplugin/packages/arduino/tools/avr-gcc/7.3.0-atmel3.6.1-arduino5/bin/../lib/gcc/avr/7.3.0/../../../../avr/lib/avrxmega3\libm.a(mulsf3x.o)
                0x00003f82                __mulsf3x
                0x00003f88                __mulsf3_pse
 .text.avr-libc.fplib
                0x00004036        0xa c:/opt/sloeber/arduinoplugin/packages/arduino/tools/avr-gcc/7.3.0-atmel3.6.1-arduino5/bin/../lib/gcc/avr/7.3.0/../../../../avr/lib/avrxmega3\libm.a(unordsf2.o)
                0x00004036                __unordsf2
 .text.libgcc.div
                0x00004040       0x28 c:/opt/sloeber/arduinoplugin/packages/arduino/tools/avr-gcc/7.3.0-atmel3.6.1-arduino5/bin/../lib/gcc/avr/7.3.0/avrxmega3\libgcc.a(_udivmodhi4.o)
                0x00004040                __udivmodhi4
 .text.libgcc.div
                0x00004068       0x44 c:/opt/sloeber/arduinoplugin/packages/arduino/tools/avr-gcc/7.3.0-atmel3.6.1-arduino5/bin/../lib/gcc/avr/7.3.0/avrxmega3\libgcc.a(_udivmodsi4.o)
                0x00004068                __udivmodsi4
 .text.libgcc.div
                0x000040ac       0x2e c:/opt/sloeber/arduinoplugin/packages/arduino/tools/avr-gcc/7.3.0-atmel3.6.1-arduino5/bin/../lib/gcc/avr/7.3.0/avrxmega3\libgcc.a(_divmodsi4.o)
                0x000040ac                __divmodsi4
 .text.libgcc.div
                0x000040da       0x10 c:/opt/sloeber/arduinoplugin/packages/arduino/tools/avr-gcc/7.3.0-atmel3.6.1-arduino5/bin/../lib/gcc/avr/7.3.0/avrxmega3\libgcc.a(_negsi2.o)
                0x000040da                __negsi2
 .text.libgcc.mul
                0x000040ea        0xe c:/opt/sloeber/arduinoplugin/packages/arduino/tools/avr-gcc/7.3.0-atmel3.6.1-arduino5/bin/../lib/gcc/avr/7.3.0/avrxmega3\libgcc.a(_usmulhisi3.o)
                0x000040ea                __usmulhisi3
                0x000040ee                __usmulhisi3_tail
 .text.libgcc.mul
                0x000040f8       0x16 c:/opt/sloeber/arduinoplugin/packages/arduino/tools/avr-gcc/7.3.0-atmel3.6.1-arduino5/bin/../lib/gcc/avr/7.3.0/avrxmega3\libgcc.a(_muluhisi3.o)
                0x000040f8                __muluhisi3
 .text.libgcc.mul
                0x0000410e       0x10 c:/opt/sloeber/arduinoplugin/packages/arduino/tools/avr-gcc/7.3.0-atmel3.6.1-arduino5/bin/../lib/gcc/avr/7.3.0/avrxmega3\libgcc.a(_mulshisi3.o)
                0x0000410e                __mulshisi3
                0x00004114                __mulohisi3
 .text.libgcc.builtins
                0x0000411e       0x3a c:/opt/sloeber/arduinoplugin/packages/arduino/tools/avr-gcc/7.3.0-atmel3.6.1-arduino5/bin/../lib/gcc/avr/7.3.0/avrxmega3\libgcc.a(_ashrdi3.o)
                0x0000411e                __ashrdi3
                0x00004122                __lshrdi3
 .text.libgcc   0x00004158       0x18 c:/opt/sloeber/arduinoplugin/packages/arduino/tools/avr-gcc/7.3.0-atmel3.6.1-arduino5/bin/../lib/gcc/avr/7.3.0/avrxmega3\libgcc.a(_cmpdi2_s8.o)
                0x00004158                __cmpdi2_s8
 .text.libgcc   0x00004170        0xc c:/opt/sloeber/arduinoplugin/packages/arduino/tools/avr-gcc/7.3.0-atmel3.6.1-arduino5/bin/../lib/gcc/avr/7.3.0/avrxmega3\libgcc.a(_tablejump2.o)
                0x00004170                __tablejump2__
 .text.libgcc.mul
                0x0000417c       0x1e c:/opt/sloeber/arduinoplugin/packages/arduino/tools/avr-gcc/7.3.0-atmel3.6.1-arduino5/bin/../lib/gcc/avr/7.3.0/avrxmega3\libgcc.a(_umulhisi3.o)
                0x0000417c                __umulhisi3
 .text.avr-libc
                0x0000419a      0x24a c:/opt/sloeber/arduinoplugin/packages/arduino/tools/avr-gcc/7.3.0-atmel3.6.1-arduino5/bin/../lib/gcc/avr/7.3.0/../../../../avr/lib/avrxmega3\libc.a(malloc.o)
                0x0000419a                malloc
                0x000042d2                free
 .text.avr-libc
                0x000043e4        0xa c:/opt/sloeber/arduinoplugin/packages/arduino/tools/avr-gcc/7.3.0-atmel3.6.1-arduino5/bin/../lib/gcc/avr/7.3.0/../../../../avr/lib/avrxmega3\libc.a(abort.o)
                0x000043e4                abort
                0x000043ee                . = ALIGN (0x2)
 *(.fini9)
 .fini9         0x000043ee        0x0 c:/opt/sloeber/arduinoplugin/packages/arduino/tools/avr-gcc/7.3.0-atmel3.6.1-arduino5/bin/../lib/gcc/avr/7.3.0/avrxmega3\libgcc.a(_exit.o)
                0x000043ee                _exit
                0x000043ee                exit
 *(.fini9)
 *(.fini8)
 *(.fini8)
 *(.fini7)
 *(.fini7)
 *(.fini6)
 .fini6         0x000043ee       0x16 c:/opt/sloeber/arduinoplugin/packages/arduino/tools/avr-gcc/7.3.0-atmel3.6.1-arduino5/bin/../lib/gcc/avr/7.3.0/avrxmega3\libgcc.a(_dtors.o)
                0x000043ee                __do_global_dtors
 *(.fini6)
 *(.fini5)
 *(.fini5)
 *(.fini4)
 *(.fini4)
 *(.fini3)
 *(.fini3)
 *(.fini2)
 *(.fini2)
 *(.fini1)
 *(.fini1)
 *(.fini0)
 .fini0         0x00004404        0x4 c:/opt/sloeber/arduinoplugin/packages/arduino/tools/avr-gcc/7.3.0-atmel3.6.1-arduino5/bin/../lib/gcc/avr/7.3.0/avrxmega3\libgcc.a(_exit.o)
 *(.fini0)
                0x00004408                _etext = .

.rodata         0x00008408      0x178 load address 0x00004408
 *(.rodata)
 .rodata        0x00008408      0x15a C:\Users\python\AppData\Local\Temp\cciP2K06.ltrans0.ltrans.o
 *(.rodata*)
 .rodata.str1.1
                0x00008562       0x1e C:\Users\python\AppData\Local\Temp\cciP2K06.ltrans0.ltrans.o
 *(.gnu.linkonce.r*)

.data           0x00802800        0xa load address 0x00004580
                0x00802800                PROVIDE (__data_start, .)
 *(.data)
 .data          0x00802800        0x4 C:\Users\python\AppData\Local\Temp\cciP2K06.ltrans0.ltrans.o
 .data          0x00802804        0x6 c:/opt/sloeber/arduinoplugin/packages/arduino/tools/avr-gcc/7.3.0-atmel3.6.1-arduino5/bin/../lib/gcc/avr/7.3.0/../../../../avr/lib/avrxmega3\libc.a(malloc.o)
                0x00802804                __malloc_heap_end
                0x00802806                __malloc_heap_start
                0x00802808                __malloc_margin
 *(.data*)
 *(.gnu.linkonce.d*)
                0x0080280a                . = ALIGN (0x2)
                0x0080280a                _edata = .
                0x0080280a                PROVIDE (__data_end, .)

.bss            0x0080280a      0x46b
                0x0080280a                PROVIDE (__bss_start, .)
 *(.bss)
 .bss           0x0080280a      0x467 C:\Users\python\AppData\Local\Temp\cciP2K06.ltrans0.ltrans.o
 *(.bss*)
 *(COMMON)
 COMMON         0x00802c71        0x4 c:/opt/sloeber/arduinoplugin/packages/arduino/tools/avr-gcc/7.3.0-atmel3.6.1-arduino5/bin/../lib/gcc/avr/7.3.0/../../../../avr/lib/avrxmega3\libc.a(malloc.o)
                0x00802c71                __brkval
                0x00802c73                __flp
                0x00802c75                PROVIDE (__bss_end, .)
                0x00004580                __data_load_start = LOADADDR (.data)
                0x0000458a                __data_load_end = (__data_load_start + SIZEOF (.data))

.noinit         0x00802c75        0x0
                [!provide]                PROVIDE (__noinit_start, .)
 *(.noinit*)
                [!provide]                PROVIDE (__noinit_end, .)
                0x00802c75                _end = .
                0x00802c75                PROVIDE (__heap_start, .)

.eeprom         0x00810000        0x0
 *(.eeprom*)
                0x00810000                __eeprom_end = .

.fuse
 *(.fuse)
 *(.lfuse)
 *(.hfuse)
 *(.efuse)

.lock
 *(.lock*)

.signature
 *(.signature*)

.user_signatures
 *(.user_signatures*)

.stab
 *(.stab)

.stabstr
 *(.stabstr)

.stab.excl
 *(.stab.excl)

.stab.exclstr
 *(.stab.exclstr)

.stab.index
 *(.stab.index)

.stab.indexstr
 *(.stab.indexstr)

.comment        0x00000000       0x11
 *(.comment)
 .comment       0x00000000       0x11 C:\Users\python\AppData\Local\Temp\cciP2K06.ltrans0.ltrans.o
                                 0x12 (size before relaxing)
 .comment       0x00000011       0x12 c:/opt/sloeber/arduinoplugin/packages/arduino/tools/avr-gcc/7.3.0-atmel3.6.1-arduino5/bin/../lib/gcc/avr/7.3.0/../../../../avr/lib/avrxmega3\libc.a(malloc.o)

.note.gnu.avr.deviceinfo
                0x00000000       0x40
 .note.gnu.avr.deviceinfo
                0x00000000       0x40 c:/opt/sloeber/arduinoplugin/packages/arduino/tools/avr-gcc/7.3.0-atmel3.6.1-arduino5/bin/../lib/gcc/avr/7.3.0/../../../../avr/lib/avrxmega3/crtatmega4809.o

.note.gnu.build-id
 *(.note.gnu.build-id)

.debug
 *(.debug)

.line
 *(.line)

.debug_srcinfo
 *(.debug_srcinfo)

.debug_sfnames
 *(.debug_sfnames)

.debug_aranges  0x00000000      0x270
 *(.debug_aranges)
 .debug_aranges
                0x00000000       0x30 C:\Users\python\AppData\Local\Temp\cciP2K06.ltrans0.ltrans.o
 .debug_aranges
                0x00000030       0x20 c:/opt/sloeber/arduinoplugin/packages/arduino/tools/avr-gcc/7.3.0-atmel3.6.1-arduino5/bin/../lib/gcc/avr/7.3.0/avrxmega3\libgcc.a(_exit.o)
 .debug_aranges
                0x00000050       0x20 c:/opt/sloeber/arduinoplugin/packages/arduino/tools/avr-gcc/7.3.0-atmel3.6.1-arduino5/bin/../lib/gcc/avr/7.3.0/../../../../avr/lib/avrxmega3\libatmega4809.a(eerd_byte.o)
 .debug_aranges
                0x00000070       0x20 c:/opt/sloeber/arduinoplugin/packages/arduino/tools/avr-gcc/7.3.0-atmel3.6.1-arduino5/bin/../lib/gcc/avr/7.3.0/../../../../avr/lib/avrxmega3\libatmega4809.a(eewr_byte.o)
 .debug_aranges
                0x00000090       0x20 c:/opt/sloeber/arduinoplugin/packages/arduino/tools/avr-gcc/7.3.0-atmel3.6.1-arduino5/bin/../lib/gcc/avr/7.3.0/avrxmega3\libgcc.a(_udivmodhi4.o)
 .debug_aranges
                0x000000b0       0x20 c:/opt/sloeber/arduinoplugin/packages/arduino/tools/avr-gcc/7.3.0-atmel3.6.1-arduino5/bin/../lib/gcc/avr/7.3.0/avrxmega3\libgcc.a(_udivmodsi4.o)
 .debug_aranges
                0x000000d0       0x20 c:/opt/sloeber/arduinoplugin/packages/arduino/tools/avr-gcc/7.3.0-atmel3.6.1-arduino5/bin/../lib/gcc/avr/7.3.0/avrxmega3\libgcc.a(_divmodsi4.o)
 .debug_aranges
                0x000000f0       0x20 c:/opt/sloeber/arduinoplugin/packages/arduino/tools/avr-gcc/7.3.0-atmel3.6.1-arduino5/bin/../lib/gcc/avr/7.3.0/avrxmega3\libgcc.a(_negsi2.o)
 .debug_aranges
                0x00000110       0x20 c:/opt/sloeber/arduinoplugin/packages/arduino/tools/avr-gcc/7.3.0-atmel3.6.1-arduino5/bin/../lib/gcc/avr/7.3.0/avrxmega3\libgcc.a(_copy_data.o)
 .debug_aranges
                0x00000130       0x20 c:/opt/sloeber/arduinoplugin/packages/arduino/tools/avr-gcc/7.3.0-atmel3.6.1-arduino5/bin/../lib/gcc/avr/7.3.0/avrxmega3\libgcc.a(_clear_bss.o)
 .debug_aranges
                0x00000150       0x20 c:/opt/sloeber/arduinoplugin/packages/arduino/tools/avr-gcc/7.3.0-atmel3.6.1-arduino5/bin/../lib/gcc/avr/7.3.0/avrxmega3\libgcc.a(_ctors.o)
 .debug_aranges
                0x00000170       0x20 c:/opt/sloeber/arduinoplugin/packages/arduino/tools/avr-gcc/7.3.0-atmel3.6.1-arduino5/bin/../lib/gcc/avr/7.3.0/avrxmega3\libgcc.a(_dtors.o)
 .debug_aranges
                0x00000190       0x20 c:/opt/sloeber/arduinoplugin/packages/arduino/tools/avr-gcc/7.3.0-atmel3.6.1-arduino5/bin/../lib/gcc/avr/7.3.0/avrxmega3\libgcc.a(_usmulhisi3.o)
 .debug_aranges
                0x000001b0       0x20 c:/opt/sloeber/arduinoplugin/packages/arduino/tools/avr-gcc/7.3.0-atmel3.6.1-arduino5/bin/../lib/gcc/avr/7.3.0/avrxmega3\libgcc.a(_muluhisi3.o)
 .debug_aranges
                0x000001d0       0x20 c:/opt/sloeber/arduinoplugin/packages/arduino/tools/avr-gcc/7.3.0-atmel3.6.1-arduino5/bin/../lib/gcc/avr/7.3.0/avrxmega3\libgcc.a(_mulshisi3.o)
 .debug_aranges
                0x000001f0       0x20 c:/opt/sloeber/arduinoplugin/packages/arduino/tools/avr-gcc/7.3.0-atmel3.6.1-arduino5/bin/../lib/gcc/avr/7.3.0/avrxmega3\libgcc.a(_ashrdi3.o)
 .debug_aranges
                0x00000210       0x20 c:/opt/sloeber/arduinoplugin/packages/arduino/tools/avr-gcc/7.3.0-atmel3.6.1-arduino5/bin/../lib/gcc/avr/7.3.0/avrxmega3\libgcc.a(_cmpdi2_s8.o)
 .debug_aranges
                0x00000230       0x20 c:/opt/sloeber/arduinoplugin/packages/arduino/tools/avr-gcc/7.3.0-atmel3.6.1-arduino5/bin/../lib/gcc/avr/7.3.0/avrxmega3\libgcc.a(_tablejump2.o)
 .debug_aranges
                0x00000250       0x20 c:/opt/sloeber/arduinoplugin/packages/arduino/tools/avr-gcc/7.3.0-atmel3.6.1-arduino5/bin/../lib/gcc/avr/7.3.0/avrxmega3\libgcc.a(_umulhisi3.o)

.debug_pubnames
 *(.debug_pubnames)

.debug_info     0x00000000     0xeced
 *(.debug_info .gnu.linkonce.wi.*)
 .debug_info    0x00000000     0x249d c:/opt/sloeber/arduinoplugin/packages/arduino/tools/avr-gcc/7.3.0-atmel3.6.1-arduino5/bin/../lib/gcc/avr/7.3.0/../../../../avr/lib/avrxmega3/crtatmega4809.o
 .debug_info    0x0000249d     0xbb12 C:\Users\python\AppData\Local\Temp\cciP2K06.ltrans0.ltrans.o
 .debug_info    0x0000dfaf       0xc0 c:/opt/sloeber/arduinoplugin/packages/arduino/tools/avr-gcc/7.3.0-atmel3.6.1-arduino5/bin/../lib/gcc/avr/7.3.0/avrxmega3\libgcc.a(_exit.o)
 .debug_info    0x0000e06f       0x9f c:/opt/sloeber/arduinoplugin/packages/arduino/tools/avr-gcc/7.3.0-atmel3.6.1-arduino5/bin/../lib/gcc/avr/7.3.0/../../../../avr/lib/avrxmega3\libatmega4809.a(eerd_byte.o)
 .debug_info    0x0000e10e       0x9f c:/opt/sloeber/arduinoplugin/packages/arduino/tools/avr-gcc/7.3.0-atmel3.6.1-arduino5/bin/../lib/gcc/avr/7.3.0/../../../../avr/lib/avrxmega3\libatmega4809.a(eewr_byte.o)
 .debug_info    0x0000e1ad       0xc0 c:/opt/sloeber/arduinoplugin/packages/arduino/tools/avr-gcc/7.3.0-atmel3.6.1-arduino5/bin/../lib/gcc/avr/7.3.0/avrxmega3\libgcc.a(_udivmodhi4.o)
 .debug_info    0x0000e26d       0xc0 c:/opt/sloeber/arduinoplugin/packages/arduino/tools/avr-gcc/7.3.0-atmel3.6.1-arduino5/bin/../lib/gcc/avr/7.3.0/avrxmega3\libgcc.a(_udivmodsi4.o)
 .debug_info    0x0000e32d       0xc0 c:/opt/sloeber/arduinoplugin/packages/arduino/tools/avr-gcc/7.3.0-atmel3.6.1-arduino5/bin/../lib/gcc/avr/7.3.0/avrxmega3\libgcc.a(_divmodsi4.o)
 .debug_info    0x0000e3ed       0xc0 c:/opt/sloeber/arduinoplugin/packages/arduino/tools/avr-gcc/7.3.0-atmel3.6.1-arduino5/bin/../lib/gcc/avr/7.3.0/avrxmega3\libgcc.a(_negsi2.o)
 .debug_info    0x0000e4ad       0xc0 c:/opt/sloeber/arduinoplugin/packages/arduino/tools/avr-gcc/7.3.0-atmel3.6.1-arduino5/bin/../lib/gcc/avr/7.3.0/avrxmega3\libgcc.a(_copy_data.o)
 .debug_info    0x0000e56d       0xc0 c:/opt/sloeber/arduinoplugin/packages/arduino/tools/avr-gcc/7.3.0-atmel3.6.1-arduino5/bin/../lib/gcc/avr/7.3.0/avrxmega3\libgcc.a(_clear_bss.o)
 .debug_info    0x0000e62d       0xc0 c:/opt/sloeber/arduinoplugin/packages/arduino/tools/avr-gcc/7.3.0-atmel3.6.1-arduino5/bin/../lib/gcc/avr/7.3.0/avrxmega3\libgcc.a(_ctors.o)
 .debug_info    0x0000e6ed       0xc0 c:/opt/sloeber/arduinoplugin/packages/arduino/tools/avr-gcc/7.3.0-atmel3.6.1-arduino5/bin/../lib/gcc/avr/7.3.0/avrxmega3\libgcc.a(_dtors.o)
 .debug_info    0x0000e7ad       0xc0 c:/opt/sloeber/arduinoplugin/packages/arduino/tools/avr-gcc/7.3.0-atmel3.6.1-arduino5/bin/../lib/gcc/avr/7.3.0/avrxmega3\libgcc.a(_usmulhisi3.o)
 .debug_info    0x0000e86d       0xc0 c:/opt/sloeber/arduinoplugin/packages/arduino/tools/avr-gcc/7.3.0-atmel3.6.1-arduino5/bin/../lib/gcc/avr/7.3.0/avrxmega3\libgcc.a(_muluhisi3.o)
 .debug_info    0x0000e92d       0xc0 c:/opt/sloeber/arduinoplugin/packages/arduino/tools/avr-gcc/7.3.0-atmel3.6.1-arduino5/bin/../lib/gcc/avr/7.3.0/avrxmega3\libgcc.a(_mulshisi3.o)
 .debug_info    0x0000e9ed       0xc0 c:/opt/sloeber/arduinoplugin/packages/arduino/tools/avr-gcc/7.3.0-atmel3.6.1-arduino5/bin/../lib/gcc/avr/7.3.0/avrxmega3\libgcc.a(_ashrdi3.o)
 .debug_info    0x0000eaad       0xc0 c:/opt/sloeber/arduinoplugin/packages/arduino/tools/avr-gcc/7.3.0-atmel3.6.1-arduino5/bin/../lib/gcc/avr/7.3.0/avrxmega3\libgcc.a(_cmpdi2_s8.o)
 .debug_info    0x0000eb6d       0xc0 c:/opt/sloeber/arduinoplugin/packages/arduino/tools/avr-gcc/7.3.0-atmel3.6.1-arduino5/bin/../lib/gcc/avr/7.3.0/avrxmega3\libgcc.a(_tablejump2.o)
 .debug_info    0x0000ec2d       0xc0 c:/opt/sloeber/arduinoplugin/packages/arduino/tools/avr-gcc/7.3.0-atmel3.6.1-arduino5/bin/../lib/gcc/avr/7.3.0/avrxmega3\libgcc.a(_umulhisi3.o)

.debug_abbrev   0x00000000     0x31a5
 *(.debug_abbrev)
 .debug_abbrev  0x00000000     0x22a8 c:/opt/sloeber/arduinoplugin/packages/arduino/tools/avr-gcc/7.3.0-atmel3.6.1-arduino5/bin/../lib/gcc/avr/7.3.0/../../../../avr/lib/avrxmega3/crtatmega4809.o
 .debug_abbrev  0x000022a8      0xd95 C:\Users\python\AppData\Local\Temp\cciP2K06.ltrans0.ltrans.o
 .debug_abbrev  0x0000303d       0x14 c:/opt/sloeber/arduinoplugin/packages/arduino/tools/avr-gcc/7.3.0-atmel3.6.1-arduino5/bin/../lib/gcc/avr/7.3.0/avrxmega3\libgcc.a(_exit.o)
 .debug_abbrev  0x00003051       0x14 c:/opt/sloeber/arduinoplugin/packages/arduino/tools/avr-gcc/7.3.0-atmel3.6.1-arduino5/bin/../lib/gcc/avr/7.3.0/../../../../avr/lib/avrxmega3\libatmega4809.a(eerd_byte.o)
 .debug_abbrev  0x00003065       0x14 c:/opt/sloeber/arduinoplugin/packages/arduino/tools/avr-gcc/7.3.0-atmel3.6.1-arduino5/bin/../lib/gcc/avr/7.3.0/../../../../avr/lib/avrxmega3\libatmega4809.a(eewr_byte.o)
 .debug_abbrev  0x00003079       0x14 c:/opt/sloeber/arduinoplugin/packages/arduino/tools/avr-gcc/7.3.0-atmel3.6.1-arduino5/bin/../lib/gcc/avr/7.3.0/avrxmega3\libgcc.a(_udivmodhi4.o)
 .debug_abbrev  0x0000308d       0x14 c:/opt/sloeber/arduinoplugin/packages/arduino/tools/avr-gcc/7.3.0-atmel3.6.1-arduino5/bin/../lib/gcc/avr/7.3.0/avrxmega3\libgcc.a(_udivmodsi4.o)
 .debug_abbrev  0x000030a1       0x14 c:/opt/sloeber/arduinoplugin/packages/arduino/tools/avr-gcc/7.3.0-atmel3.6.1-arduino5/bin/../lib/gcc/avr/7.3.0/avrxmega3\libgcc.a(_divmodsi4.o)
 .debug_abbrev  0x000030b5       0x14 c:/opt/sloeber/arduinoplugin/packages/arduino/tools/avr-gcc/7.3.0-atmel3.6.1-arduino5/bin/../lib/gcc/avr/7.3.0/avrxmega3\libgcc.a(_negsi2.o)
 .debug_abbrev  0x000030c9       0x14 c:/opt/sloeber/arduinoplugin/packages/arduino/tools/avr-gcc/7.3.0-atmel3.6.1-arduino5/bin/../lib/gcc/avr/7.3.0/avrxmega3\libgcc.a(_copy_data.o)
 .debug_abbrev  0x000030dd       0x14 c:/opt/sloeber/arduinoplugin/packages/arduino/tools/avr-gcc/7.3.0-atmel3.6.1-arduino5/bin/../lib/gcc/avr/7.3.0/avrxmega3\libgcc.a(_clear_bss.o)
 .debug_abbrev  0x000030f1       0x14 c:/opt/sloeber/arduinoplugin/packages/arduino/tools/avr-gcc/7.3.0-atmel3.6.1-arduino5/bin/../lib/gcc/avr/7.3.0/avrxmega3\libgcc.a(_ctors.o)
 .debug_abbrev  0x00003105       0x14 c:/opt/sloeber/arduinoplugin/packages/arduino/tools/avr-gcc/7.3.0-atmel3.6.1-arduino5/bin/../lib/gcc/avr/7.3.0/avrxmega3\libgcc.a(_dtors.o)
 .debug_abbrev  0x00003119       0x14 c:/opt/sloeber/arduinoplugin/packages/arduino/tools/avr-gcc/7.3.0-atmel3.6.1-arduino5/bin/../lib/gcc/avr/7.3.0/avrxmega3\libgcc.a(_usmulhisi3.o)
 .debug_abbrev  0x0000312d       0x14 c:/opt/sloeber/arduinoplugin/packages/arduino/tools/avr-gcc/7.3.0-atmel3.6.1-arduino5/bin/../lib/gcc/avr/7.3.0/avrxmega3\libgcc.a(_muluhisi3.o)
 .debug_abbrev  0x00003141       0x14 c:/opt/sloeber/arduinoplugin/packages/arduino/tools/avr-gcc/7.3.0-atmel3.6.1-arduino5/bin/../lib/gcc/avr/7.3.0/avrxmega3\libgcc.a(_mulshisi3.o)
 .debug_abbrev  0x00003155       0x14 c:/opt/sloeber/arduinoplugin/packages/arduino/tools/avr-gcc/7.3.0-atmel3.6.1-arduino5/bin/../lib/gcc/avr/7.3.0/avrxmega3\libgcc.a(_ashrdi3.o)
 .debug_abbrev  0x00003169       0x14 c:/opt/sloeber/arduinoplugin/packages/arduino/tools/avr-gcc/7.3.0-atmel3.6.1-arduino5/bin/../lib/gcc/avr/7.3.0/avrxmega3\libgcc.a(_cmpdi2_s8.o)
 .debug_abbrev  0x0000317d       0x14 c:/opt/sloeber/arduinoplugin/packages/arduino/tools/avr-gcc/7.3.0-atmel3.6.1-arduino5/bin/../lib/gcc/avr/7.3.0/avrxmega3\libgcc.a(_tablejump2.o)
 .debug_abbrev  0x00003191       0x14 c:/opt/sloeber/arduinoplugin/packages/arduino/tools/avr-gcc/7.3.0-atmel3.6.1-arduino5/bin/../lib/gcc/avr/7.3.0/avrxmega3\libgcc.a(_umulhisi3.o)

.debug_line     0x00000000     0x3887
 *(.debug_line .debug_line.* .debug_line_end)
 .debug_line    0x00000000      0x187 c:/opt/sloeber/arduinoplugin/packages/arduino/tools/avr-gcc/7.3.0-atmel3.6.1-arduino5/bin/../lib/gcc/avr/7.3.0/../../../../avr/lib/avrxmega3/crtatmega4809.o
 .debug_line    0x00000187     0x2bd4 C:\Users\python\AppData\Local\Temp\cciP2K06.ltrans0.ltrans.o
 .debug_line    0x00002d5b       0x62 c:/opt/sloeber/arduinoplugin/packages/arduino/tools/avr-gcc/7.3.0-atmel3.6.1-arduino5/bin/../lib/gcc/avr/7.3.0/avrxmega3\libgcc.a(_exit.o)
 .debug_line    0x00002dbd       0x79 c:/opt/sloeber/arduinoplugin/packages/arduino/tools/avr-gcc/7.3.0-atmel3.6.1-arduino5/bin/../lib/gcc/avr/7.3.0/../../../../avr/lib/avrxmega3\libatmega4809.a(eerd_byte.o)
 .debug_line    0x00002e36       0xc1 c:/opt/sloeber/arduinoplugin/packages/arduino/tools/avr-gcc/7.3.0-atmel3.6.1-arduino5/bin/../lib/gcc/avr/7.3.0/../../../../avr/lib/avrxmega3\libatmega4809.a(eewr_byte.o)
 .debug_line    0x00002ef7       0xce c:/opt/sloeber/arduinoplugin/packages/arduino/tools/avr-gcc/7.3.0-atmel3.6.1-arduino5/bin/../lib/gcc/avr/7.3.0/avrxmega3\libgcc.a(_udivmodhi4.o)
 .debug_line    0x00002fc5      0x122 c:/opt/sloeber/arduinoplugin/packages/arduino/tools/avr-gcc/7.3.0-atmel3.6.1-arduino5/bin/../lib/gcc/avr/7.3.0/avrxmega3\libgcc.a(_udivmodsi4.o)
 .debug_line    0x000030e7       0xce c:/opt/sloeber/arduinoplugin/packages/arduino/tools/avr-gcc/7.3.0-atmel3.6.1-arduino5/bin/../lib/gcc/avr/7.3.0/avrxmega3\libgcc.a(_divmodsi4.o)
 .debug_line    0x000031b5       0x62 c:/opt/sloeber/arduinoplugin/packages/arduino/tools/avr-gcc/7.3.0-atmel3.6.1-arduino5/bin/../lib/gcc/avr/7.3.0/avrxmega3\libgcc.a(_negsi2.o)
 .debug_line    0x00003217       0x98 c:/opt/sloeber/arduinoplugin/packages/arduino/tools/avr-gcc/7.3.0-atmel3.6.1-arduino5/bin/../lib/gcc/avr/7.3.0/avrxmega3\libgcc.a(_copy_data.o)
 .debug_line    0x000032af       0x86 c:/opt/sloeber/arduinoplugin/packages/arduino/tools/avr-gcc/7.3.0-atmel3.6.1-arduino5/bin/../lib/gcc/avr/7.3.0/avrxmega3\libgcc.a(_clear_bss.o)
 .debug_line    0x00003335       0x92 c:/opt/sloeber/arduinoplugin/packages/arduino/tools/avr-gcc/7.3.0-atmel3.6.1-arduino5/bin/../lib/gcc/avr/7.3.0/avrxmega3\libgcc.a(_ctors.o)
 .debug_line    0x000033c7       0x92 c:/opt/sloeber/arduinoplugin/packages/arduino/tools/avr-gcc/7.3.0-atmel3.6.1-arduino5/bin/../lib/gcc/avr/7.3.0/avrxmega3\libgcc.a(_dtors.o)
 .debug_line    0x00003459       0x7a c:/opt/sloeber/arduinoplugin/packages/arduino/tools/avr-gcc/7.3.0-atmel3.6.1-arduino5/bin/../lib/gcc/avr/7.3.0/avrxmega3\libgcc.a(_usmulhisi3.o)
 .debug_line    0x000034d3       0x92 c:/opt/sloeber/arduinoplugin/packages/arduino/tools/avr-gcc/7.3.0-atmel3.6.1-arduino5/bin/../lib/gcc/avr/7.3.0/avrxmega3\libgcc.a(_muluhisi3.o)
 .debug_line    0x00003565       0x7a c:/opt/sloeber/arduinoplugin/packages/arduino/tools/avr-gcc/7.3.0-atmel3.6.1-arduino5/bin/../lib/gcc/avr/7.3.0/avrxmega3\libgcc.a(_mulshisi3.o)
 .debug_line    0x000035df      0x104 c:/opt/sloeber/arduinoplugin/packages/arduino/tools/avr-gcc/7.3.0-atmel3.6.1-arduino5/bin/../lib/gcc/avr/7.3.0/avrxmega3\libgcc.a(_ashrdi3.o)
 .debug_line    0x000036e3       0x7a c:/opt/sloeber/arduinoplugin/packages/arduino/tools/avr-gcc/7.3.0-atmel3.6.1-arduino5/bin/../lib/gcc/avr/7.3.0/avrxmega3\libgcc.a(_cmpdi2_s8.o)
 .debug_line    0x0000375d       0x7a c:/opt/sloeber/arduinoplugin/packages/arduino/tools/avr-gcc/7.3.0-atmel3.6.1-arduino5/bin/../lib/gcc/avr/7.3.0/avrxmega3\libgcc.a(_tablejump2.o)
 .debug_line    0x000037d7       0xb0 c:/opt/sloeber/arduinoplugin/packages/arduino/tools/avr-gcc/7.3.0-atmel3.6.1-arduino5/bin/../lib/gcc/avr/7.3.0/avrxmega3\libgcc.a(_umulhisi3.o)

.debug_frame    0x00000000     0x11f8
 *(.debug_frame)
 .debug_frame   0x00000000     0x11f8 C:\Users\python\AppData\Local\Temp\cciP2K06.ltrans0.ltrans.o

.debug_str      0x00000000     0x3e2a
 *(.debug_str)
 .debug_str     0x00000000      0xf8b c:/opt/sloeber/arduinoplugin/packages/arduino/tools/avr-gcc/7.3.0-atmel3.6.1-arduino5/bin/../lib/gcc/avr/7.3.0/../../../../avr/lib/avrxmega3/crtatmega4809.o
 .debug_str     0x00000f8b     0x2e9f C:\Users\python\AppData\Local\Temp\cciP2K06.ltrans0.ltrans.o
                               0x30ff (size before relaxing)

.debug_loc      0x00000000     0x6a9f
 *(.debug_loc)
 .debug_loc     0x00000000     0x6a9f C:\Users\python\AppData\Local\Temp\cciP2K06.ltrans0.ltrans.o

.debug_macinfo
 *(.debug_macinfo)

.debug_weaknames
 *(.debug_weaknames)

.debug_funcnames
 *(.debug_funcnames)

.debug_typenames
 *(.debug_typenames)

.debug_varnames
 *(.debug_varnames)

.debug_pubtypes
 *(.debug_pubtypes)

.debug_ranges   0x00000000      0x6e8
 *(.debug_ranges)
 .debug_ranges  0x00000000      0x6e8 C:\Users\python\AppData\Local\Temp\cciP2K06.ltrans0.ltrans.o

.debug_macro
 *(.debug_macro)
OUTPUT(D:\03_Src\arduino\chap15_wifi\Release/chap15_wifi.elf elf32-avr)
LOAD linker stubs
